// Jest Snapshot v1, https://goo.gl/fbAQLP

exports[`AddUser renders a snapshot properly 1`] = `
<div
  class="well"
>
  <form
    onSubmit={[Function]}
  >
    <div
      className="field"
    >
      <input
        className="form-control"
        name="username"
        onChange={[Function]}
        placeholder="Enter a username"
        required={true}
        type="text"
      />
    </div>
    <br />
    <div
      className="field"
    >
      <input
        className="form-control"
        name="email"
        onChange={[Function]}
        placeholder="Enter a email"
        required={true}
        type="email"
      />
    </div>
    <br />
    <div
      className="field"
    >
      <input
        className="btn btn-primary mb-2"
        name="submit"
        type="submit"
        value="Submit"
      />
    </div>
  </form>
</div>
`;
